/* $NetBSD: block.0.stdout,v 1.1 2021/03/08 20:55:34 rillig Exp $ */
/* $FreeBSD$ */

void
function(void)
{
	if (true) {

/* $ FIXME: indent must not merge these braces. */
	} {
/* $ FIXME: the following empty line was not in the input. */

		print("block");
	}
}
