/* $NetBSD: lineno.0.stdout,v 1.1 2021/03/08 20:12:04 rillig Exp $ */
/* $FreeBSD$ */

/* Demonstrates line number counting in verbose mode. */

int *
function(void)
{
}
/* $ In the below output, the '5' means 5 non-empty lines. */
/* $ XXX: It's rather strange that -v writes to stdout, */
/* $ even in filter mode.  This output belongs on stderr instead. */
There were 5 output lines and 1 comments
(Lines with comments)/(Lines with code):  0.250
