/* $NetBSD: opt-npcs.0.stdout,v 1.2 2021/03/07 10:12:18 rillig Exp $ */
/* $FreeBSD$ */

void
example(void)
{
	function_call();
	function_call(1);
	function_call(1, 2, 3);
}
