/* $NetBSD: opt-ta.0.stdout,v 1.2 2021/03/07 10:12:18 rillig Exp $ */
/* $FreeBSD$ */

void
example(void *arg)
{
	int		mult = (unknown_type_name) * arg;

	int		suff = (unknown_type_name_t)*arg;
}
