/* $NetBSD: opt-ci.0.stdout,v 1.2 2021/03/06 21:27:39 rillig Exp $ */
/* $FreeBSD$ */

int
sum(int a, int b)
{
	return a +
	  b;
}
