/* $NetBSD: opt-fc1.0.stdout,v 1.2 2021/03/06 21:27:39 rillig Exp $ */
/* $FreeBSD$ */

/*
 * A comment in column 1.
 *
 *
 *
 */
