/* $NetBSD: opt-dj.0.stdout,v 1.2 2021/03/06 21:27:39 rillig Exp $ */
/* $FreeBSD$ */

int		i;
int	       *ip;
const char     *ccp;
const void *****vppppp;
const void ******vpppppp;
const void ********vpppppppp;
