/* $NetBSD: opt-nsc.0.stdout,v 1.2 2021/03/07 10:12:18 rillig Exp $ */
/* $FreeBSD$ */

/*
comment without asterisks
 */

/* $ This comment, as rewritten by indent, is not actually used by Lua. */
/*
 * This comment style is used by Lua.
 */

/**
 * Javadoc, adopted by several other programming languages.
 */
