/* $NetBSD: opt-nbbb.0.stdout,v 1.2 2021/03/06 23:09:17 rillig Exp $ */
/* $FreeBSD$ */

/*
 * This is a block comment.
 */
/* This is not a block comment since it is single-line. */
/*
 * This is a second block comment.
 */
/* This is not a block comment. */
/*
 * Documentation of global_variable.
 */
int		global_variable;
/*
 * Documentation of function_declaration.
 */
void		function_declaration(void);
/*
 * Documentation of function_definition.
 */
void
function_definition(void)
{
}
