/* $NetBSD: opt-nv.0.stdout,v 1.2 2021/03/07 10:12:18 rillig Exp $ */
/* $FreeBSD$ */

void
example(void)
{
/* $ XXX: The following lines are too long and should thus be broken. */
/* $ XXX: If they are broken, -nv does NOT output 'Line broken'. */
	int		sum1 = 1 + 2 + 3 + 4 + 5 + 6 + 7 + 8 + 9 + 10 + 11 + 12 + 13 + 14 + 15 + 16 + 17 + 18 + 19 + 20 + 21;
	int		sum2 = (1 + 2 + 3 + 4 + 5 + 6 + 7 + 8 + 9 + 10 + 11 + 12 + 13 + 14 + 15 + 16 + 17 + 18 + 19 + 20 + 21);
}
