/* $NetBSD: opt-neei.0.stdout,v 1.2 2021/03/06 23:09:17 rillig Exp $ */
/* $FreeBSD$ */

bool
less(int a, int b)
{
	if (a <
	    b)
		return true;
	if (a
	    <
	    b)
		return true;
}
