/* $NetBSD: opt-U.0.stdout,v 1.2 2021/03/07 10:12:18 rillig Exp $ */
/* $FreeBSD$ */

void
example(void *arg)
{
	int		known_1 = (size_t)*arg;
	int		known_2 = (off_t)*arg;
	int		ignored = (ignored_t) * arg;
}
