/* $NetBSD: opt-ts.0.stdout,v 1.2 2021/03/07 10:12:18 rillig Exp $ */
/* $FreeBSD$ */

/*
 * Since in this test, a tab is only worth 4 spaces, the indentation needs
 * more tabs to reach the indentation of 8 and the alignment at 16.
 */

int				variable;

void
function(void)
{
		int				local_variable;
		char			local_variable;
}
