/* $NetBSD: opt-c.0.stdout,v 1.2 2021/03/06 19:30:44 rillig Exp $ */
/* $FreeBSD$ */

bool
is_prime(int n)
{
	if (n <= 3)
		return n >= 2;			/* special case */
	if (n % 2 == 0)
		return false;			/* even numbers */
	return true;
}
