/* $NetBSD: opt-eei.0.stdout,v 1.2 2021/03/06 21:27:39 rillig Exp $ */
/* $FreeBSD$ */

bool
less(int a, int b)
{
	if (a <
			b)
		return true;
	if (a
			<
			b)
		return true;
}
