/* $NetBSD: opt-i.0.stdout,v 1.2 2021/03/06 22:10:40 rillig Exp $ */
/* $FreeBSD$ */

void
example(void)
{
   if (1 > 0)
      if (2 > 1)
	 return yes;
   return no;
}
