/* $NetBSD: opt-lc.0.stdout,v 1.2 2021/03/06 22:10:40 rillig Exp $ */
/* $FreeBSD$ */

/*
 * FIXME: Even though the line length
 * is limited with -l38, the overly
 * long lines in the code are not
 * broken.
 */

void
example(int a, int b, int c, const char *cp)
{
	for (const char *p = cp; *p != '\0'; p++)
		if (*p > a)
			if (*p > b)
				if (*p > c)
					return;

	function(1, 2, 3, 4, 5, 6, 7, 8, 9, 0, 1, 2, 3, 4, 5, 6, 7, 8, 9, 10);
}
