/* $NetBSD: opt-nip.0.stdout,v 1.2 2021/03/06 22:10:40 rillig Exp $ */
/* $FreeBSD$ */

/* FIXME: The options -ip and -nip produce the same output. */

int
several_parameters_1(int a,
		     int b,
		     const char *cp);

int
several_parameters_2(
		     int a,
		     int b,
		     const char *cp);

int
several_parameters_3(
		     int a1, int a2,
		     int b1, int b2,
		     const char *cp);
