/* $NetBSD: opt-ncdb.0.stdout,v 1.2 2021/03/06 23:09:17 rillig Exp $ */
/* $FreeBSD$ */

/* A single-line comment. */

/* A multi-line comment. */

/* A multi-line comment. */

int		ga;		/* A single-line comment. */

int		gb;		/* A multi-line comment. */

int		gc;		/* A multi-line comment. */

void
example(void)
{
	/* A single-line comment. */
	int		la;

	/* A multi-line comment. */
	int		lb;

	/* A multi-line comment. */
	int		lc;
}
