/* $NetBSD: opt-nbs.0.stdout,v 1.2 2021/03/06 23:09:17 rillig Exp $ */
/* $FreeBSD$ */

void
example(int i)
{
	print(sizeof(i));
	print(sizeof(int));

	print(sizeof i);
	print(sizeof(i));
	print(sizeof(int));

	print(sizeof i);
	print(sizeof(i));
	print(sizeof(int));
}
