/* $NetBSD: opt-v.0.stdout,v 1.2 2021/03/07 10:12:18 rillig Exp $ */
/* $FreeBSD$ */

/*
 * A long comment.
 */
void
example(void)
{
	printf("A very long message template with %d arguments: %s, %s, %s", 3, "first", "second", "third");
}
There were 8 output lines and 1 comments
(Lines with comments)/(Lines with code):  0.600
