/* $NetBSD: token-end_of_file.0.stdout,v 1.1 2021/03/12 00:13:06 rillig Exp $ */
/* $FreeBSD$ */

/*
 * Tests for the end of a file.
 */

/* TODO: Add some code to be formatted. */
