/* $NetBSD: token-stmt_list.0.stdout,v 1.1 2021/03/12 00:13:06 rillig Exp $ */
/* $FreeBSD$ */

/*
 * Tests for lists of statements.
 *
 * Since C99, in such a statement list, statements can be intermixed with
 * declarations in arbitrary ways.
 */

/* TODO: Add some code to be formatted. */
