/* $NetBSD: token-keyword_for_if_while.0.stdout,v 1.1 2021/03/12 00:13:06 rillig Exp $ */
/* $FreeBSD$ */

/*
 * Tests for the keywords 'for', 'if' and 'while'.  These keywords have in
 * common that they are followed by a space and a parenthesized statement
 * head.  For 'if' and 'while', this head is a single expression.  For 'for',
 * the head is 0 to 3 expressions, separated by semicolons.
 */

/* TODO: Add some code to be formatted. */
