/* $NetBSD: token-colon.0.stdout,v 1.1 2021/03/12 00:13:06 rillig Exp $ */
/* $FreeBSD$ */

/*
 * Tests for formatting of the colon token, which is used in the following
 * contexts:
 *
 * After a label that is the target of a goto statement.
 *
 * In a switch statement, after a case label or the default label.
 *
 * As part of the conditional expression operator '?:'.
 *
 * In the declaration of a struct member that is a bit-field.
 */

/* TODO: Add some code to be formatted. */
