/* $NetBSD: token-type_def.0.stdout,v 1.1 2021/03/12 00:13:06 rillig Exp $ */
/* $FreeBSD$ */

/*
 * Tests for the keyword 'typedef'.
 */

/* TODO: Add some code to be formatted. */
