/* $NetBSD: token-storage_class.0.stdout,v 1.1 2021/03/12 00:13:06 rillig Exp $ */
/* $FreeBSD$ */

/*
 * Tests for storage classes such as 'extern', 'static', but not 'typedef'.
 */

/* TODO: Add some code to be formatted. */
