/* $NetBSD: token-for_exprs.0.stdout,v 1.1 2021/03/12 00:13:06 rillig Exp $ */
/* $FreeBSD$ */

/*
 * Test for 'for' loops.
 *
 * Most 'for' loops have 3 expressions in their head.  Each of these
 * expressions is optional though.
 *
 * When all 3 expressions are omitted, the 'for' loop is often called a
 * 'forever' loop.
 */

/* TODO: Add some code to be formatted. */
