/* $NetBSD: token-question.0.stdout,v 1.1 2021/03/12 00:13:06 rillig Exp $ */
/* $FreeBSD$ */

/*
 * Tests for the '?:' operator.
 */

/* TODO: Add some code to be formatted. */
