/* $NetBSD: token-semicolon.0.stdout,v 1.1 2021/03/12 00:13:06 rillig Exp $ */
/* $FreeBSD$ */

/*
 * Tests for the token ';'.
 *
 * The ';' ends a declaration.
 *
 * The ';' ends a statement.
 *
 * The ';' separates the 3 expressions in the head of the 'for' loop.
 */

/* TODO: Add some code to be formatted. */
