/* $NetBSD: token-keyword_do_else.0.stdout,v 1.2 2021/03/14 01:34:13 rillig Exp $ */
/* $FreeBSD$ */

/*
 * Tests for the keyword 'do' or 'else'.  These two keywords are followed by a
 * space.  In contrast to 'for', 'if' and 'while', the space is not followed
 * by a parenthesized expression.
 */

/* TODO: Add some code to be formatted. */
