/* $NetBSD: token-comment.0.stdout,v 1.3 2021/03/14 01:34:13 rillig Exp $ */
/* $FreeBSD$ */

/*
 * Tests for formatting comments.  C99 defines block comments and end-of-line
 * comments.  Indent further distinguishes box comments that are a special
 * kind of block comments.
 */

/* TODO: Add some code to be formatted. */

/* 456789 123456789 123456789 123456789 123456789 123456789 123456789 12345 */
/* 456789 123456789 123456789 123456789 123456789 123456789 123456789 123456 */
/* 456789 123456789 123456789 123456789 123456789 123456789 123456789 1234567 */
/*
 * 456789 123456789 123456789 123456789 123456789 123456789 123456789 12345678
 */
/*
 * 456789 123456789 123456789 123456789 123456789 123456789 123456789
 * 123456789
 */
