/*	$NetBSD: wchar.0.stdout,v 1.1 2019/04/04 15:27:35 kamil Exp $	*/
/* $FreeBSD: head/usr.bin/indent/tests/wchar.0.stdout 313544 2017-02-10 09:31:39Z pstef $ */
/* See r309220 */
#include <wchar.h>

wchar_t	       *x = L"test";
wchar_t		y = L't';
